ProgramService.cs => 
using System;
using System.ComponentModel;
using System.ServiceProcess;
using System.Threading.Tasks;
using NServiceBus;
using NServiceBus.Logging;
using ServiceControl.WindowsService;

[DesignerCategory("Code")]
class ProgramService : ServiceBase
{
    IWindowsService adapter;

    static ILog logger;

    static ProgramService()
    {
        //TODO: optionally choose a custom logging library
        //https://docs.particular.net/nservicebus/logging/#custom-logging
        // LogManager.Use<TheLoggingFactory>();
        logger = LogManager.GetLogger<ProgramService>();
    }

    static void Main()
    {
        using (var service = new ProgramService())
        {
            // to run interactive from a console or as a windows service
            if (ServiceHelper.IsService())
            {
                Run(service);
                return;
            }
            Console.Title = "WindowsService.WindowsService";
            Console.CancelKeyPress += (sender, e) => { service.OnStop(); };
            service.OnStart(null);
            Console.WriteLine("\r\nPress enter key to stop program\r\n");
            Console.Read();
            service.OnStop();
        }
    }

    protected override void OnStart(string[] args)
    {
        AsyncOnStart().GetAwaiter().GetResult();
    }

    async Task AsyncOnStart()
    {
        try
        {
            var adapterConfig = new WindowsServiceConfig<LearningTransport, LearningTransport>("WindowsService.WindowsService");

            adapterConfig.CustomizeEndpointTransport(t =>
            {
                //TODO: Customize the endpoint-facing side of the adapter
                //Use exactly same settings as in regular endpoints
            });

            adapterConfig.CustomizeServiceControlTransport(t =>
            {
                //TODO: Customize the ServiceControl-facing side of the adapter
                //e.g. specify the same connection string as ServiceControl uses.
            });

            adapter = WindowsService.Create(adapterConfig);

            await adapter.Start().ConfigureAwait(false);
        }
        catch (Exception exception)
        {
            Exit("Failed to start", exception);
        }
    }

    void Exit(string failedToStart, Exception exception)
    {
        logger.Fatal(failedToStart, exception);

        //TODO: When using an external logging framework it is important to flush any pending entries prior to calling FailFast
        // https://docs.particular.net/nservicebus/hosting/critical-errors#when-to-override-the-default-critical-error-action
        Environment.FailFast(failedToStart, exception);
    }

    protected override void OnStop()
    {
        adapter?.Stop().GetAwaiter().GetResult();
    }
}
ServiceHelper.cs => 
using System;
using System.Diagnostics;
using System.Runtime.InteropServices;

static class ServiceHelper
{
    public static bool IsService()
    {
        using (var process = GetParent(Process.GetCurrentProcess()))
        {
            return process != null && process.ProcessName == "services";
        }
    }

    static Process GetParent(Process child)
    {
        var parentId = 0;

        var handle = CreateToolhelp32Snapshot(TH32CS_SNAPPROCESS, 0);

        if (handle == IntPtr.Zero)
        {
            return null;
        }

        var processInfo = new PROCESSENTRY32
        {
            dwSize = (uint) Marshal.SizeOf(typeof(PROCESSENTRY32))
        };

        if (!Process32First(handle, ref processInfo))
        {
            return null;
        }

        do
        {
            if (child.Id == processInfo.th32ProcessID)
            {
                parentId = (int) processInfo.th32ParentProcessID;
            }
        } while (parentId == 0 && Process32Next(handle, ref processInfo));

        if (parentId > 0)
        {
            return Process.GetProcessById(parentId);
        }
        return null;
    }

    static uint TH32CS_SNAPPROCESS = 2;

    [DllImport("kernel32.dll")]
    public static extern bool Process32Next(IntPtr hSnapshot, ref PROCESSENTRY32 lppe);

    [DllImport("kernel32.dll", SetLastError = true)]
    public static extern IntPtr CreateToolhelp32Snapshot(uint dwFlags, uint th32ProcessID);

    [DllImport("kernel32.dll")]
    public static extern bool Process32First(IntPtr hSnapshot, ref PROCESSENTRY32 lppe);

    [StructLayout(LayoutKind.Sequential)]
    public struct PROCESSENTRY32
    {
        public uint dwSize;
        public uint cntUsage;
        public uint th32ProcessID;
        public IntPtr th32DefaultHeapID;
        public uint th32ModuleID;
        public uint cntThreads;
        public uint th32ParentProcessID;
        public int pcPriClassBase;
        public uint dwFlags;
        [MarshalAs(UnmanagedType.ByValTStr, SizeConst = 260)]
        public string szExeFile;
    }
}
WindowsService.csproj => 
<Project Sdk="Microsoft.NET.Sdk">
  <PropertyGroup>
    <OutputType>Exe</OutputType>
    <TargetFramework>net46</TargetFramework>
    <TreatWarningsAsErrors>true</TreatWarningsAsErrors>
  </PropertyGroup>
  <ItemGroup>
    <PackageReference Include="ServiceControl.WindowsService" Version="2.0.0-*" />
    <Reference Include="System.ServiceProcess" />
  </ItemGroup>
</Project>
